0
10
20
30
0
0
8
30
60
30
-10
10
30
0010
1111
30
-1
11100001111000011110000111100000
12
4
4
