51
17
5
19
23
65
19
17
5
19
2049
35
5
19
23
2097
99
5
19
23
7218
